Énumération des objets: 45, fait.
Décompte des objets: 100% (45/45), fait.
Compression par delta en utilisant jusqu'à 16 fils d'exécution
Compression des objets: 100% (40/40), fait.
Écriture des objets: 100% (41/41), 6.89 Kio | 2.30 Mio/s, fait.
Total 41 (delta 24), réutilisés 0 (delta 0), réutilisés du pack 0
remote: Resolving deltas: 100% (24/24), completed with 2 local objects.
remote: error: GH013: Repository rule violations found for refs/heads/main.
remote: 
remote: - GITHUB PUSH PROTECTION
remote:   —————————————————————————————————————————
remote:     Resolve the following violations before pushing again
remote: 
remote:     - Push cannot contain secrets
remote: 
remote:     
remote:      (?) Learn how to resolve a blocked push
remote:      https://docs.github.com/code-security/secret-scanning/working-with-secret-scanning-and-push-protection/working-with-push-protection-from-the-command-line#resolving-a-blocked-push
remote:     
remote:     
remote:       —— GitHub Personal Access Token ——————————————————————
remote:        locations:
remote:          - commit: 6c938e5e7ed16cf9b1be4f7e3d9bead783560f13
remote:            path: request.txt:1
remote:     
remote:        (?) To push, remove secret from commit(s) or follow this URL to allow the secret.
remote:        https://github.com/ernaud-breissie/aliceismissing/security/secret-scanning/unblock-secret/2xjRv0cupYaU4MrBL1zGOGUFeGA
remote:     
remote:     
remote:       —— GitHub Personal Access Token ——————————————————————
remote:        locations:
remote:          - commit: a8b1c4d44a37d93a6a145b3e2a308975d3b77743
remote:            path: request.txt:1
remote:     
remote:        (?) To push, remove secret from commit(s) or follow this URL to allow the secret.
remote:        https://github.com/ernaud-breissie/aliceismissing/security/secret-scanning/unblock-secret/2xjSox2sFYeRYoi4IORzXCEOAvp
remote:     
remote: 
remote: 
To https://github.com/ernaud-breissie/aliceismissing.git
 ! [remote rejected] main -> main (push declined due to repository rule violations)
error: impossible de pousser des références vers 'https://github.com/ernaud-breissie/aliceismissing.git'